0001                               *
0002                               *	Copied from:
0003                               *	MEK6802D5 Microcomputer Evaluation Board User's Manual
0004                               *	Page 3-10
0005                               *
0006                               *	Assemble with the following command:
0007                               * 	as0 help.asm -L CRE C S
0008                               *
0009                               	NAM	HELP
0010                               *	Options set in file override command line option settings.
0011                               *	OPT	c		* options must be in lower case
0012                               *	OPT	cre		* one option per line
0013 0000                          	ORG	$0
0014                               * D5 DEBUT ROUTINES
0015 f0a2                          DIDDLE	EQU	$F0A2
0016 e41d                          DISBUF	EQU	$E41D
0017 e419                          MNPTR	EQU	$E419
0018 f0bb                          PUT	EQU	$F0BB
0019                               *
0020                               *
0021 0000 ce 76 79           [ 3 ] BEG	LDX	#$7679		"HE"
0022 0003 ff e4 1d           [ 6 ] 	STX	DISBUF		STORE TO FIRST 2 DISPLAYS
0023 0006 ce 38 73           [ 3 ] 	LDX	#$3873		"LP"
0024 0009 ff e4 1f           [ 6 ] 	STX	DISBUF+2
0025 000c ce 40 40           [ 3 ] 	LDX	#$4040		"--"
0026 000f ff e4 21           [ 6 ] 	STX	DISBUF+4	STORE THE LAST 2 DISPLAY
0027 0012 ce f0 a2           [ 3 ] 	LDX	#DIDDLE		ADDR OF DIDDLE ROUTINE
0028 0015 ff e4 19           [ 6 ] 	STX	MNPTR		ESTABLISH AS ACTIVE SUB OF PUT
0029 0018 7e f0 bb           [ 3 ] 	JMP	PUT		CALL DISPLAY ROUTINE
BEG        0000
DIDDLE     f0a2
DISBUF     e41d
MNPTR      e419
PUT        f0bb
BEG        0000 *0021 
DIDDLE     f0a2 *0015 0027 
DISBUF     e41d *0016 0022 0024 0026 
MNPTR      e419 *0017 0028 
PUT        f0bb *0018 0029 
