0001                               *
0002                               *	    Copied from:
0003                               *	    MEK6802D5 Microcomputer Evaluation Board User's Manual
0004                               *	    Page 3-8
0005                               *
0006                               *	    Assemble with the following command:
0007                               *		as0 used5.asm -l cre c s
0008                               *
0009                                       nam     used5
0010                               *       Options set in file override command line option settings
0011                               *        opt     c       * options must be in lower case
0012 0000                                  org     $0
0013 e41d                          disbuf  equ     $e41d
0014 f0a2                          diddle  equ     $f0a2
0015 e419                          mnptr   equ     $e419
0016 f0bb                          put     equ     $f0bb
0017                               *
0018 0000 86 3e              [ 2 ] beg     ldaa    #$3e     "U"
0019 0002 b7 e4 1d           [ 5 ]         staa    disbuf   store to first display
0020 0005 86 6d              [ 2 ]         ldaa    #$6d     "S"
0021 0007 b7 e4 1e           [ 5 ]         staa    disbuf+1
0022 000a 86 79              [ 2 ]         ldaa    #$79     "E"
0023 000c b7 e4 1f           [ 5 ]         staa    disbuf+2
0024 000f 86 00              [ 2 ]         ldaa    #$00     blank
0025 0011 b7 e4 20           [ 5 ]         staa    disbuf+3
0026 0014 86 5e              [ 2 ]         ldaa    #$5e     "D"
0027 0016 b7 e4 21           [ 5 ]         staa    disbuf+4
0028 0019 86 6d              [ 2 ]         ldaa    #$6d     "5"
0029 001b b7 e4 22           [ 5 ]         staa    disbuf+5 store to last display
0030 001e 86 a2              [ 2 ]         ldaa    #diddle  adder of diddle routine
0031 0020 ff e4 19           [ 6 ]         stx     mnptr    establish as active sub of "PUT"
0032 0023 7e f0 bb           [ 3 ]         jmp     put      call display routine
0033                                       end
beg        0000
diddle     f0a2
disbuf     e41d
mnptr      e419
put        f0bb
beg        0000 *0018 
diddle     f0a2 *0014 0030 
disbuf     e41d *0013 0019 0021 0023 0025 0027 0029 
mnptr      e419 *0015 0031 
put        f0bb *0016 0032 
